<p>http://images.google.com/images?num=30&amp;q=larry+bird
&copy;
AT&amp;T
4 &lt; 5</p>