<p><em>single asterisks</em>
<em>single underscores</em>
<strong>double asterisks</strong>
<strong>double underscores</strong>
un<em>frigging</em>believable
*this text is surrounded by literal asterisks*</p>