<p>This is <em>a multi
line</em> emphasis.</p>

<p>This is <em>a
multi
line</em> emphasis.</p>
