<p>This is <a href="http://example.com/" title="Optional Title Here">an example</a> reference-style link.</p>

<p>This is <a href="http://example.com/longish/path/to/resource/here" title="Optional Title Here">an example</a> reference-style link.</p>






<p>Visit <a href="http://daringfireball.net/">Daring Fireball</a> for more information.</p>



<p>I get 10 times more traffic from <a href="http://google.com/" title="Google">Google</a> than from
<a href="http://search.yahoo.com/" title="Yahoo Search">Yahoo</a> or <a href="http://search.msn.com/" title="MSN Search">MSN</a>.</p>





<p>I get 10 times more traffic from <a href="http://google.com/" title="Google">Google</a> than from
<a href="http://search.yahoo.com/" title="Yahoo Search">Yahoo</a> or <a href="http://search.msn.com/" title="MSN Search">MSN</a>.</p>




