<ul><li><a href="#overview">Overview</a>
<ul><li><a href="#philosophy">Philosophy</a></li>
<li><a href="#html">Inline HTML</a></li>
<li><a href="#autoescape">Automatic Escaping for Special Characters</a></li></ul></li>
<li><a href="#block">Block Elements</a>
<ul><li><a href="#p">Paragraphs and Line Breaks</a></li>
<li><a href="#header">Headers</a></li>
<li><a href="#blockquote">Blockquotes</a></li>
<li><a href="#list">Lists</a></li>
<li><a href="#precode">Code Blocks</a></li>
<li><a href="#hr">Horizontal Rules</a></li></ul></li>
<li><a href="#span">Span Elements</a>
<ul><li><a href="#link">Links</a></li>
<li><a href="#em">Emphasis</a></li>
<li><a href="#code">Code</a></li>
<li><a href="#img">Images</a></li></ul></li>
<li><a href="#misc">Miscellaneous</a>
<ul><li><a href="#backslash">Backslash Escapes</a></li>
<li><a href="#autolink">Automatic Links</a></li></ul></li></ul>
