<ul><li>item 1</li>
<li>item 2</li>
<li><p>item 3</p>
</li>
<li>item 1</li>
<li>item 2</li>
<li><p>item 3</p>
</li>
<li>item 1</li>
<li>item 2</li>
<li>item 3</li></ul>
