<ol><li><p>This is a list item with two paragraphs. Lorem ipsum dolor
sit amet, consectetuer adipiscing elit. Aliquam hendrerit
mi posuere lectus.</p>

<p>Vestibulum enim wisi, viverra nec, fringilla in, laoreet
vitae, risus. Donec sit amet nisl. Aliquam semper ipsum
sit amet velit.</p>
</li>
<li>Suspendisse id sem consectetuer libero luctus adipiscing.
</li></ol>
<ul><li><p>This is a list item with two paragraphs.</p>

<p>This is the second paragraph in the list item. You're
only required to indent the first line. Lorem ipsum dolor
sit amet, consectetuer adipiscing elit.</p>
</li>
<li>Another item in the same list.</li></ul>
