<blockquote><p>First Order Quote</p>
<blockquote><p>List in Quote</p>
<ul><li>Unordered List 1-1</li>
<li><p>Unordered List 1-2
Paragraph</p></li></ul>
<ol><li><p>Ordered List 1-1</p>
<blockquote><p>Quote in List</p>
<pre><code>Code in Quote
Code in Quote
* Fake List in Code</code></pre></blockquote></li>
<li><p>Ordered List 1-2</p>
<pre><code>Code in List
Code in List</code></pre></li></ol></blockquote></blockquote>
