<ul><li><a href="#misc">Miscellaneous</a>
<ul><li><a href="#backslash">Backslash Escapes</a></li>
<li><a href="#autolink">Automatic Links</a>

</li></ul></li></ul>
<p><strong>Note:</strong> This document is itself written using Markdown; you
can <a href="/projects/markdown/syntax.text">see the source for it by adding '.text' to the URL</a>.</p>



<hr>
