<blockquote><p>This is a
quoted paragraph.</p></blockquote>