<blockquote><p>This is a blockquote with two paragraphs. Lorem ipsum dolor sit amet,
consectetuer adipiscing elit. Aliquam hendrerit mi posuere lectus.
Vestibulum enim wisi, viverra nec, fringilla in, laoreet vitae, risus.</p>

<p>Donec sit amet nisl. Aliquam semper ipsum sit amet velit. Suspendisse
id sem consectetuer libero luctus adipiscing.</p>

<p>This is a blockquote with two paragraphs. Lorem ipsum dolor sit amet,
consectetuer adipiscing elit. Aliquam hendrerit mi posuere lectus.
Vestibulum enim wisi, viverra nec, fringilla in, laoreet vitae, risus.</p>

<p>Donec sit amet nisl. Aliquam semper ipsum sit amet velit. Suspendisse
id sem consectetuer libero luctus adipiscing.</p>

<p>This is the first level of quoting.</p>

<blockquote><p>This is nested blockquote.</p>
</blockquote>
<p>Back to the first level.</p>

<h2>This is a header.</h2>

<ol><li>This is the first list item.</li>
<li><p>This is the second list item.</p>
</li></ol>
<p>Here's some example code:</p>

<pre><code>return shell_exec("echo $input | $markdown_script");</code></pre></blockquote>
