<p><h2 id="overview">概述</h2></p>

<p><h3 id="philosophy">哲學</h3></p>

<p>Markdown 的目標是實現「易讀易寫」。</p>

<p>不過最需要強調的便是它的可讀性。一份使用 Markdown 格式撰寫的文件應該可以直接以純文字發佈，並且看起來不會像是由許多標籤或是格式指令所構成。Markdown 語法受到一些既有 text-to-HTML 格式的影響，包括 <a href="http://docutils.sourceforge.net/mirror/setext.html">Setext</a>、<a href="http://www.aaronsw.com/2002/atx/">atx</a>、<a href="http://textism.com/tools/textile/">Textile</a>、<a href="http://docutils.sourceforge.net/rst.html">reStructuredText</a>、<a href="http://www.triptico.com/software/grutatxt.html">Grutatext</a> 和 <a href="http://ettext.taint.org/doc/">EtText</a>，然而最大靈感來源其實是純文字的電子郵件格式。</p>








<p>因此 Markdown 的語法全由標點符號所組成，並經過嚴謹慎選，是為了讓它們看起來就像所要表達的意思。像是在文字兩旁加上星號，看起來就像*強調*。Markdown 的清單看起來，嗯，就是清單。假如你有使用過電子郵件，區塊引言看起來就真的像是引用一段文字。</p>

<p><h3 id="html">行內 HTML</h3></p>

<p>Markdown 的語法有個主要的目的：用來作為一種網路內容的<em>寫作</em>用語言。</p>

<p>Markdown 不是要來取代 HTML，甚至也沒有要和它相似，它的語法種類不多，只和 HTML 的一部分有關係，重點<em>不是</em>要創造一種更容易寫作 HTML 文件的語法，我認為 HTML 已經很容易寫了，Markdown 的重點在於，它能讓文件更容易閱讀、編寫。HTML 是一種<em>發佈</em>的格式，Markdown 是一種<em>編寫</em>的格式，因此，Markdown 的格式語法只涵蓋純文字可以涵蓋的範圍。</p>

<p>不在 Markdown 涵蓋範圍之外的標籤，都可以直接在文件裡面用 HTML 撰寫。不需要額外標註這是 HTML 或是 Markdown；只要直接加標籤就可以了。</p>
