<p><a href="http://google.com?find=\*">http://google.com?find=\*</a></p>