<p>&amp;nbsp &amp;x; &amp;#; &amp;#x; &amp;#123456789; &amp;ThisIsWayTooLongToBeAnEntityIsntIt; &amp;hi?;</p>