<p><a href="/f&ouml;&ouml;" title="f&ouml;&ouml;">foo</a></p>