<pre><code class="language-f&ouml;&ouml;">foo
</code></pre>