<p><strong>this is a double underscore (<code>__</code>)</strong></p>