<p><em>foo <em>bar</em></em></p>
<p>**foo* bar*</p>