<p><img src="train.jpg" alt="foo &lt;em&gt;bar&lt;/em&gt;" title="train &amp; tracks" /></p>