<p><img src="/url" alt="&lt;em&gt;foo&lt;/em&gt; bar" title="title" /></p>