<p><a href="mailto:foo@bar.baz.com">foo@bar.baz.com</a></p>